2018-10-23.12:51:08  C:\DIAdem\abbext\#PPHV-TI\AgilentDSOX2014A\CSV_DataImport4Agilent.uri
2018-10-23.12:51:09  C:\DIAdem\abbext\#PPHV-TI\AgilentDSOX2014A\OsziDatenLaden.VBS
2018-10-23.12:51:09  C:\DIAdem\abbext\#PPHV-TI\UFD-AMDET\AMDET_2.0.VBS
2018-10-23.12:51:09  C:\DIAdem\abbext\#PPHV-TI\UFD-AMDET\AMDET_2.1.VBS
2018-10-23.12:51:09  C:\DIAdem\abbext\#PPHV-TI\UFD-AMDET\AMDET_2.1_Changes_for_next_release.txt
2018-10-23.12:51:10  C:\DIAdem\abbext\#PPHV-TI\UFD-AMDET\AMDET_2.2.VBS
2018-10-23.12:51:10  C:\DIAdem\abbext\#PPHV-TI\UFD-AMDET\AMDET_TestShift_Template.xlsx
2018-10-23.12:51:10  C:\DIAdem\abbext\#PPHV-TI\UFD-AMDET\Test_Kanalerstellung.VBS
2018-10-23.12:51:11  C:\DIAdem\abbext\03degree\03deg_pulses.VBS
2018-10-23.12:51:11  C:\DIAdem\abbext\03degree\03degree.VBS
2018-10-23.12:51:11  C:\DIAdem\abbext\ABB_DIAdem.lnk
2018-10-23.12:51:11  C:\DIAdem\abbext\ABB_plot_O_010.TDR
2018-10-23.12:51:12  C:\DIAdem\abbext\DIAdem2Excel.old\ClearTravelREPORT.TDR
2018-10-23.12:51:12  C:\DIAdem\abbext\DIAdem2Excel.old\ClearTravelSpikes.vbs
2018-10-23.12:51:12  C:\DIAdem\abbext\DIAdem2Excel.old\DIAdem2Excel Instructions.pdf
2018-10-23.12:51:12  C:\DIAdem\abbext\DIAdem2Excel.old\DIAdem2Excel.VBS
2018-10-23.12:51:13  C:\DIAdem\abbext\DIAdem2Excel.old\DIAdem2ExcelWind.sud
2018-10-23.12:51:13  C:\DIAdem\abbext\DIAdem2Excel.old\DIAdem2Excel_functions.VBS
2018-10-23.12:51:13  C:\DIAdem\abbext\DIAdem2Excel.old\ExampleREPORT.TDR
2018-10-23.12:51:13  C:\DIAdem\abbext\DIAdem2Excel.old\Excel\V1.4_Export_shots.xls
2018-10-23.12:51:13  C:\DIAdem\abbext\DIAdem2Excel.old\MechREPORT.TDR
2018-10-23.12:51:14  C:\DIAdem\abbext\DIAdem2Excel.old\Output_Functions.vbs
2018-10-23.12:51:14  C:\DIAdem\abbext\DIAdem2Excel.old\PowerREPORT.TDR
2018-10-23.12:51:14  C:\DIAdem\abbext\DIAdem2Excel.old\Report.TDR
2018-10-23.12:51:14  C:\DIAdem\abbext\DIAdem2Excel.old\WindowsZip.VBS
2018-10-23.12:51:14  C:\DIAdem\abbext\DIAdem2Excel\ClearTravelREPORT.TDR
2018-10-23.12:51:15  C:\DIAdem\abbext\DIAdem2Excel\ClearTravelSpikes.vbs
2018-10-23.12:51:15  C:\DIAdem\abbext\DIAdem2Excel\Copy (2) of DIAdem2ExcelWind.sud
2018-10-23.12:51:15  C:\DIAdem\abbext\DIAdem2Excel\Copy (3) of DIAdem2ExcelWind.sud
2018-10-23.12:51:15  C:\DIAdem\abbext\DIAdem2Excel\Copy of ClearTravelREPORT.TDR
2018-10-23.12:51:15  C:\DIAdem\abbext\DIAdem2Excel\Copy of DIAdem2ExcelWind.sud
2018-10-23.12:51:16  C:\DIAdem\abbext\DIAdem2Excel\Copy of DIAdem2ExcelWind_log.html
2018-10-23.12:51:16  C:\DIAdem\abbext\DIAdem2Excel\Copy of Report.TDR
2018-10-23.12:51:16  C:\DIAdem\abbext\DIAdem2Excel\DIAdem2Excel Instructions.pdf
2018-10-23.12:51:16  C:\DIAdem\abbext\DIAdem2Excel\DIAdem2Excel.vbs
2018-10-23.12:51:16  C:\DIAdem\abbext\DIAdem2Excel\DIAdem2Excel.vbs.org1.10
2018-10-23.12:51:17  C:\DIAdem\abbext\DIAdem2Excel\DIAdem2Excel.vbs.org1.2
2018-10-23.12:51:17  C:\DIAdem\abbext\DIAdem2Excel\DIAdem2ExcelWind.sud
2018-10-23.12:51:17  C:\DIAdem\abbext\DIAdem2Excel\DIAdem2ExcelWind.sud.old.sud
2018-10-23.12:51:17  C:\DIAdem\abbext\DIAdem2Excel\DIAdem2ExcelWind_log.html
2018-10-23.12:51:18  C:\DIAdem\abbext\DIAdem2Excel\DIAdem2Excel_functions.VBS
2018-10-23.12:51:18  C:\DIAdem\abbext\DIAdem2Excel\DIAdem2Excel_functions.VBS.org1.10
2018-10-23.12:51:18  C:\DIAdem\abbext\DIAdem2Excel\ERROR.txt
2018-10-23.12:51:18  C:\DIAdem\abbext\DIAdem2Excel\ExampleREPORT.TDR
2018-10-23.12:51:19  C:\DIAdem\abbext\DIAdem2Excel\Excel\V1.011_DIAdem-Excel.xls
2018-10-23.12:51:19  C:\DIAdem\abbext\DIAdem2Excel\Excel\V1.01_DIAdem-Excel.xls
2018-10-23.12:51:19  C:\DIAdem\abbext\DIAdem2Excel\Excel\V1.1_DIAdem-Excel.xls
2018-10-23.12:51:19  C:\DIAdem\abbext\DIAdem2Excel\Excel\V1.23_Export_shots.xls
2018-10-23.12:51:20  C:\DIAdem\abbext\DIAdem2Excel\Excel\V1.241_Export_shots.xls
2018-10-23.12:51:20  C:\DIAdem\abbext\DIAdem2Excel\Excel\V1.31_Export_shots.xls
2018-10-23.12:51:20  C:\DIAdem\abbext\DIAdem2Excel\Excel\V1.3_Export_shots.xls
2018-10-23.12:51:20  C:\DIAdem\abbext\DIAdem2Excel\Excel\V1.4_Export_shots.xls
2018-10-23.12:51:20  C:\DIAdem\abbext\DIAdem2Excel\Excel\V1.9_Export_Shots.xlsm
2018-10-23.12:51:21  C:\DIAdem\abbext\DIAdem2Excel\MechREPORT.TDR
2018-10-23.12:51:21  C:\DIAdem\abbext\DIAdem2Excel\Output_Functions.vbs
2018-10-23.12:51:21  C:\DIAdem\abbext\DIAdem2Excel\Output_Functions.vbs.org1.2
2018-10-23.12:51:21  C:\DIAdem\abbext\DIAdem2Excel\PowerREPORT.TDR
2018-10-23.12:51:21  C:\DIAdem\abbext\DIAdem2Excel\Report.TDR
2018-10-23.12:51:22  C:\DIAdem\abbext\DIAdem2Excel\WindowsZip.VBS
2018-10-23.12:51:22  C:\DIAdem\abbext\DIAdemClasses\DIAdem2ExcelDebug.vbs
2018-10-23.12:51:22  C:\DIAdem\abbext\Demo\DataDemo.SUD
2018-10-23.12:51:22  C:\DIAdem\abbext\Demo\DataDemo.VBS
2018-10-23.12:51:23  C:\DIAdem\abbext\Demo\LayoutDemo.SUD
2018-10-23.12:51:23  C:\DIAdem\abbext\Demo\LayoutDemo.VBS
2018-10-23.12:51:23  C:\DIAdem\abbext\Digital_Travel\Digital_Travel.VBS
2018-10-23.12:51:23  C:\DIAdem\abbext\Digital_Travel\Digital_Travel_v0.1.VBS
2018-10-23.12:51:24  C:\DIAdem\abbext\Digital_Travel\digital_travel_w_dig_ch.WMF
2018-10-23.12:51:24  C:\DIAdem\abbext\Digital_Travel\scaling_of_micronor&poti.VBS
2018-10-23.12:51:24  C:\DIAdem\abbext\Document_code_files\Numbers.txt
2018-10-23.12:51:24  C:\DIAdem\abbext\Document_code_files\Timelist.txt
2018-10-23.12:51:25  C:\DIAdem\abbext\ExportTest\ClearTravelREPORT.TDR
2018-10-23.12:51:25  C:\DIAdem\abbext\ExportTest\ClearTravelSpikes.vbs
2018-10-23.12:51:26  C:\DIAdem\abbext\ExportTest\Documentation\Export Test Coding Concept.docx
2018-10-23.12:51:27  C:\DIAdem\abbext\ExportTest\Documentation\Export Test Instruction Manual.docx
2018-10-23.12:51:28  C:\DIAdem\abbext\ExportTest\ExampleREPORT.TDR
2018-10-23.12:51:28  C:\DIAdem\abbext\ExportTest\ExportTest.vbs
2018-10-23.12:51:28  C:\DIAdem\abbext\ExportTest\ExportTest.xlsm
2018-10-23.12:51:28  C:\DIAdem\abbext\ExportTest\ExportTestWind.sud
2018-10-23.12:51:28  C:\DIAdem\abbext\ExportTest\ExportTest_functions.VBS
2018-10-23.12:51:29  C:\DIAdem\abbext\ExportTest\MechREPORT.TDR
2018-10-23.12:51:29  C:\DIAdem\abbext\ExportTest\Output_Functions.vbs
2018-10-23.12:51:29  C:\DIAdem\abbext\ExportTest\PowerREPORT.TDR
2018-10-23.12:51:29  C:\DIAdem\abbext\ExportTest\Report.TDR
2018-10-23.12:51:29  C:\DIAdem\abbext\ExportTest\SimpleExport\SimpleExport.VBS
2018-10-23.12:51:30  C:\DIAdem\abbext\ExportTest\WindowsZip.VBS
2018-10-23.12:51:30  C:\DIAdem\abbext\Integrate_channel_with_arcing-time\Integrate_with_arcing-time.VBS
2018-10-23.12:51:30  C:\DIAdem\abbext\Kanalvergleich\Kanalvergleich.SUD
2018-10-23.12:51:30  C:\DIAdem\abbext\Kanalvergleich\Kanalvergleich.VBS
2018-10-23.12:51:30  C:\DIAdem\abbext\Kanalvergleich\Kanalvergleich_view.TDV
2018-10-23.12:51:31  C:\DIAdem\abbext\Kanalvergleich\abb_eva_sub_collection.vbs
2018-10-23.12:51:31  C:\DIAdem\abbext\Kanalvergleich\travel_functions.vbs
2018-10-23.12:51:31  C:\DIAdem\abbext\LoadTest\ABB Logo_small.png
2018-10-23.12:51:31  C:\DIAdem\abbext\LoadTest\Condition.vbs
2018-10-23.12:51:31  C:\DIAdem\abbext\LoadTest\DataLoader.VBS
2018-10-23.12:51:32  C:\DIAdem\abbext\LoadTest\Load_Test.SUD
2018-10-23.12:51:32  C:\DIAdem\abbext\LoadTest\Load_Test.SUD_2015-10-09
2018-10-23.12:51:32  C:\DIAdem\abbext\LoadTest\Load_Test.SUD_2017-02-13
2018-10-23.12:51:32  C:\DIAdem\abbext\LoadTest\Load_Test.TDV
2018-10-23.12:51:32  C:\DIAdem\abbext\LoadTest\Load_Test.VBS
2018-10-23.12:51:32  C:\DIAdem\abbext\LoadTest\Load_Test_MOCKUP.SUD
2018-10-23.12:51:33  C:\DIAdem\abbext\LoadTest\Load_Test_MOCKUP.VBS
2018-10-23.12:51:33  C:\DIAdem\abbext\LoadTest\QueryController.vbs
2018-10-23.12:51:33  C:\DIAdem\abbext\LoadTest\QueryController_2017-04-26.vbs
2018-10-23.12:51:33  C:\DIAdem\abbext\LoadTest\QuerySearch.VBS
2018-10-23.12:51:33  C:\DIAdem\abbext\LoadTest\ReadMe_LoadTest.txt
2018-10-23.12:51:33  C:\DIAdem\abbext\LoadTest\Readme.txt
2018-10-23.12:51:33  C:\DIAdem\abbext\LoadTest\Shot.vbs
2018-10-23.12:51:34  C:\DIAdem\abbext\LoadTest\TestLoadController.VBS
2018-10-23.12:51:34  C:\DIAdem\abbext\LoadTest\last_settings.ini
2018-10-23.12:51:34  C:\DIAdem\abbext\Month_in_English.VBS
2018-10-23.12:51:34  C:\DIAdem\abbext\Plot_Report\ABB.png
2018-10-23.12:51:34  C:\DIAdem\abbext\Plot_Report\ChannelGroup.vbs
2018-10-23.12:51:35  C:\DIAdem\abbext\Plot_Report\DataPlotter.vbs
2018-10-23.12:51:35  C:\DIAdem\abbext\Plot_Report\Detail.vbs
2018-10-23.12:51:35  C:\DIAdem\abbext\Plot_Report\DetailPlotter.vbs
2018-10-23.12:51:35  C:\DIAdem\abbext\Plot_Report\DetailSetting.vbs
2018-10-23.12:51:35  C:\DIAdem\abbext\Plot_Report\Detail_Test.SUD
2018-10-23.12:51:36  C:\DIAdem\abbext\Plot_Report\Grid.vbs
2018-10-23.12:51:36  C:\DIAdem\abbext\Plot_Report\Layout.vbs
2018-10-23.12:51:36  C:\DIAdem\abbext\Plot_Report\LayoutPlotter.vbs
2018-10-23.12:51:36  C:\DIAdem\abbext\Plot_Report\OLD\ChannelGroup.vbs
2018-10-23.12:51:36  C:\DIAdem\abbext\Plot_Report\OLD\DataPlotter.vbs
2018-10-23.12:51:37  C:\DIAdem\abbext\Plot_Report\OLD\Grid.vbs
2018-10-23.12:51:37  C:\DIAdem\abbext\Plot_Report\OLD\Layout.vbs
2018-10-23.12:51:37  C:\DIAdem\abbext\Plot_Report\OLD\LayoutPlotter.vbs
2018-10-23.12:51:37  C:\DIAdem\abbext\Plot_Report\OLD\Plot_Report.SUD
2018-10-23.12:51:37  C:\DIAdem\abbext\Plot_Report\OLD\Plot_Report.vbs
2018-10-23.12:51:37  C:\DIAdem\abbext\Plot_Report\OLD\Segment.vbs
2018-10-23.12:51:38  C:\DIAdem\abbext\Plot_Report\OLD\Setting.vbs
2018-10-23.12:51:38  C:\DIAdem\abbext\Plot_Report\OLD_by Janick\DataPlotter.vbs
2018-10-23.12:51:38  C:\DIAdem\abbext\Plot_Report\OLD_by Janick\Grid.vbs
2018-10-23.12:51:38  C:\DIAdem\abbext\Plot_Report\OLD_by Janick\LayoutPlotter.vbs
2018-10-23.12:51:39  C:\DIAdem\abbext\Plot_Report\OLD_by Janick\Plot_Report.SUD
2018-10-23.12:51:39  C:\DIAdem\abbext\Plot_Report\OLD_by Janick\Plot_Report.vbs
2018-10-23.12:51:39  C:\DIAdem\abbext\Plot_Report\OLD_by Janick\Raster.vbs
2018-10-23.12:51:39  C:\DIAdem\abbext\Plot_Report\OLD_by Janick\Settings.vbs
2018-10-23.12:51:39  C:\DIAdem\abbext\Plot_Report\PEHLA.png
2018-10-23.12:51:40  C:\DIAdem\abbext\Plot_Report\Plot_Report.SUD
2018-10-23.12:51:40  C:\DIAdem\abbext\Plot_Report\Plot_Report.SUD_2017-04-28
2018-10-23.12:51:40  C:\DIAdem\abbext\Plot_Report\Plot_Report.vbs
2018-10-23.12:51:40  C:\DIAdem\abbext\Plot_Report\Raster.vbs
2018-10-23.12:51:40  C:\DIAdem\abbext\Plot_Report\Segment.vbs
2018-10-23.12:51:40  C:\DIAdem\abbext\Plot_Report\Setting.vbs
2018-10-23.12:51:41  C:\DIAdem\abbext\SRC\SRC.exe
2018-10-23.12:51:41  C:\DIAdem\abbext\SRC\SRC.ini
2018-10-23.12:51:42  C:\DIAdem\abbext\TDRmasters\ABB_Plot_001.TDRM
2018-10-23.12:51:42  C:\DIAdem\abbext\TDRmasters\ABB_Plot_101.TDRM
2018-10-23.12:51:42  C:\DIAdem\abbext\TDRmasters\ABB_Plot_201.TDRM
2018-10-23.12:51:43  C:\DIAdem\abbext\TDRmasters\ABB_Plot_travel_master.TDRM
2018-10-23.12:51:43  C:\DIAdem\abbext\TDRmasters\ABB_Report.TDR
2018-10-23.12:51:43  C:\DIAdem\abbext\TDRmasters\PEHLA2013.TDRM
2018-10-23.12:51:43  C:\DIAdem\abbext\TDRmasters\PEHLA_Plot_001.TDRM
2018-10-23.12:51:43  C:\DIAdem\abbext\TDRmasters\PEHLA_Plot_travel_master.TDRM
2018-10-23.12:51:44  C:\DIAdem\abbext\TangentCursor.TDV
2018-10-23.12:51:44  C:\DIAdem\abbext\TangentCursor_Init.vbs
2018-10-23.12:51:44  C:\DIAdem\abbext\TangentCursor_event.vbs
2018-10-23.12:51:44  C:\DIAdem\abbext\Tangentcursor\TangentCursor.TDV
2018-10-23.12:51:45  C:\DIAdem\abbext\Tangentcursor\TangentCursor_Init.vbs
2018-10-23.12:51:45  C:\DIAdem\abbext\Tangentcursor\TangentCursor_event.vbs
2018-10-23.12:51:45  C:\DIAdem\abbext\Tangentcursor\stop_tangent_cursor.VBS
2018-10-23.12:51:45  C:\DIAdem\abbext\Temp_Update\TempUpdate_debug_snippet.VBS
2018-10-23.12:51:45  C:\DIAdem\abbext\Temp_Update\Temp_Update - Copy.SUD
2018-10-23.12:51:46  C:\DIAdem\abbext\Temp_Update\Temp_Update.SUD-2016-01-08
2018-10-23.12:51:46  C:\DIAdem\abbext\Temp_Update\Temp_Update.SUD-2017-02-13
2018-10-23.12:51:46  C:\DIAdem\abbext\Temp_Update\Temp_Update.VBS
2018-10-23.12:51:46  C:\DIAdem\abbext\Temp_Update\Temp_Update_old.SUD
2018-10-23.12:51:47  C:\DIAdem\abbext\TestRecord\ABBLogo.bmp
2018-10-23.12:51:47  C:\DIAdem\abbext\TestRecord\ContentREPORT.TDR
2018-10-23.12:51:47  C:\DIAdem\abbext\TestRecord\Documentation.doc
2018-10-23.12:51:47  C:\DIAdem\abbext\TestRecord\FrontREPORT.TDR
2018-10-23.12:51:47  C:\DIAdem\abbext\TestRecord\Layout.TDRM
2018-10-23.12:51:47  C:\DIAdem\abbext\TestRecord\PictureREPORT.TDR
2018-10-23.12:51:48  C:\DIAdem\abbext\TestRecord\TableStandards.txt
2018-10-23.12:51:48  C:\DIAdem\abbext\TestRecord\TestRecord.sud
2018-10-23.12:51:48  C:\DIAdem\abbext\TestRecord\TestRecord.vbs
2018-10-23.12:51:48  C:\DIAdem\abbext\TestRecord\TestRecordFunctions.vbs
2018-10-23.12:51:48  C:\DIAdem\abbext\TestRecord\TestRecord_log.html
2018-10-23.12:51:49  C:\DIAdem\abbext\Travel_comp\Data\ABB_Plot_010.TDRM
2018-10-23.12:51:49  C:\DIAdem\abbext\Travel_comp\Data\ABB_Plot_110.TDRM
2018-10-23.12:51:49  C:\DIAdem\abbext\Travel_comp\Data\ABB_Plot_210.TDRM
2018-10-23.12:51:49  C:\DIAdem\abbext\Travel_comp\Data\ABB_Plot_CO_012.TDR
2018-10-23.12:51:50  C:\DIAdem\abbext\Travel_comp\Data\ABB_Plot_C_011.TDR
2018-10-23.12:51:50  C:\DIAdem\abbext\Travel_comp\Data\ABB_Plot_C_O_013.TDR
2018-10-23.12:51:50  C:\DIAdem\abbext\Travel_comp\Data\ABB_Plot_O_010.TDR
2018-10-23.12:51:51  C:\DIAdem\abbext\Travel_comp\Data\ABB_Plot_O_CO_014.TDR
2018-10-23.12:51:51  C:\DIAdem\abbext\Travel_comp\Data\ABB_Plot_O_C_O_015.TDR
2018-10-23.12:51:51  C:\DIAdem\abbext\Travel_comp\Data\PEHLA_Plot_010.TDRM
2018-10-23.12:51:51  C:\DIAdem\abbext\Travel_comp\Data\old_ABB_Plot_travel_master.TDRM
2018-10-23.12:51:52  C:\DIAdem\abbext\Travel_comp\Data\old_PEHLA_Plot_travel_master.TDRM
2018-10-23.12:51:52  C:\DIAdem\abbext\Travel_comp\Travel_compare.VBS
2018-10-23.12:51:52  C:\DIAdem\abbext\Travel_comp\Travel_compare_V01.VBS
2018-10-23.12:51:52  C:\DIAdem\abbext\Travel_comp\Travel_compare_V02.VBS
2018-10-23.12:51:52  C:\DIAdem\abbext\Travel_comp\Travel_compare_dialog.SUD
2018-10-23.12:51:52  C:\DIAdem\abbext\Travel_comp\Travel_compare_dialog_V02.SUD
2018-10-23.12:51:53  C:\DIAdem\abbext\Travel_comp\Vorschau_1.TDV
2018-10-23.12:51:53  C:\DIAdem\abbext\Travel_comp\Vorschau_2.TDV
2018-10-23.12:51:53  C:\DIAdem\abbext\Travel_comp\Vorschau_3.TDV
2018-10-23.12:51:53  C:\DIAdem\abbext\Travel_comp\readme_1_3.txt
2018-10-23.12:51:53  C:\DIAdem\abbext\Travel_comp\travel_functions.VBS
2018-10-23.12:51:54  C:\DIAdem\abbext\Travel_comp\travel_functions_V01.VBS
2018-10-23.12:51:54  C:\DIAdem\abbext\Travel_comp\travel_functions_V02.VBS
2018-10-23.12:51:54  C:\DIAdem\abbext\Travel_comp\travel_functions_V03.VBS
2018-10-23.12:51:54  C:\DIAdem\abbext\abb_eva_sub_collection.vbs
2018-10-23.12:51:54  C:\DIAdem\abbext\abb_user_commands.vbs
2018-10-23.12:51:54  C:\DIAdem\abbext\abbexd.vbs
2018-10-23.12:51:55  C:\DIAdem\abbext\abbexd_old.vbs
2018-10-23.12:51:55  C:\DIAdem\abbext\abbext.vbs
2018-10-23.12:51:55  C:\DIAdem\abbext\abbext.vbs.old
2018-10-23.12:51:55  C:\DIAdem\abbext\abbext.vbs_2013-01-22
2018-10-23.12:51:55  C:\DIAdem\abbext\abbext.vbs_2013-03-20
2018-10-23.12:51:55  C:\DIAdem\abbext\abbext.vbs_2013-03-27
2018-10-23.12:51:56  C:\DIAdem\abbext\abbext.vbs_2014-07-14
2018-10-23.12:51:56  C:\DIAdem\abbext\abbext.vbs_2014-09-17
2018-10-23.12:51:56  C:\DIAdem\abbext\abbext_old.vbs
2018-10-23.12:51:56  C:\DIAdem\abbext\abbext_switch.vbs
2018-10-23.12:51:57  C:\DIAdem\abbext\allevalu.asc
2018-10-23.12:51:57  C:\DIAdem\abbext\allevalu_modified.asc
2018-10-23.12:51:57  C:\DIAdem\abbext\antrieb.asc
2018-10-23.12:51:57  C:\DIAdem\abbext\arisepoint.VBS
2018-10-23.12:51:57  C:\DIAdem\abbext\basic_eva.asc
2018-10-23.12:51:58  C:\DIAdem\abbext\basic_eva_print.txt
2018-10-23.12:51:58  C:\DIAdem\abbext\basic_print_eva.vbs
2018-10-23.12:51:58  C:\DIAdem\abbext\batch_process_dlg.SUD
2018-10-23.12:51:58  C:\DIAdem\abbext\batch_processing.vbs
2018-10-23.12:51:58  C:\DIAdem\abbext\bemerk.asc
2018-10-23.12:51:59  C:\DIAdem\abbext\calc_travel\calc_travel.SUD
2018-10-23.12:51:59  C:\DIAdem\abbext\calc_travel\calc_travel.VBS
2018-10-23.12:51:59  C:\DIAdem\abbext\calc_travel\calc_travel_10.SUD
2018-10-23.12:51:59  C:\DIAdem\abbext\cell.asc
2018-10-23.12:51:59  C:\DIAdem\abbext\chn_prop_copy\change_SDF_channel_name.VBS
2018-10-23.12:51:59  C:\DIAdem\abbext\chn_prop_copy\get_channel_name.VBS
2018-10-23.12:52:00  C:\DIAdem\abbext\chn_prop_copy\prop_chn.VBS
2018-10-23.12:52:00  C:\DIAdem\abbext\divider.asc
2018-10-23.12:52:00  C:\DIAdem\abbext\doc_and_updates.asc
2018-10-23.12:52:00  C:\DIAdem\abbext\doc_string_ing.asc
2018-10-23.12:52:00  C:\DIAdem\abbext\docu_print_eva.vbs
2018-10-23.12:52:01  C:\DIAdem\abbext\edit.sud
2018-10-23.12:52:01  C:\DIAdem\abbext\equix.old\equix.vbs
2018-10-23.12:52:01  C:\DIAdem\abbext\equix.old\num2wf.sud
2018-10-23.12:52:01  C:\DIAdem\abbext\equix.old\num2wf.vbs
2018-10-23.12:52:02  C:\DIAdem\abbext\equix\GVAREXPL.ASC
2018-10-23.12:52:02  C:\DIAdem\abbext\equix\QueryController.vbs
2018-10-23.12:52:02  C:\DIAdem\abbext\equix\equix-2012-03-07.vbs
2018-10-23.12:52:02  C:\DIAdem\abbext\equix\equix-2014-10-30.vbs
2018-10-23.12:52:02  C:\DIAdem\abbext\equix\equix.vbs
2018-10-23.12:52:03  C:\DIAdem\abbext\equix\equix.vbs_2014-10-13
2018-10-23.12:52:03  C:\DIAdem\abbext\equix\num2wf.sud
2018-10-23.12:52:03  C:\DIAdem\abbext\equix\num2wf.vbs
2018-10-23.12:52:03  C:\DIAdem\abbext\equix\num2wf_log.html
2018-10-23.12:52:03  C:\DIAdem\abbext\eva_std_input.asc
2018-10-23.12:52:04  C:\DIAdem\abbext\evaluations\basic_eva.asc.help.txt
2018-10-23.12:52:04  C:\DIAdem\abbext\evaluations\doc_and_updates.asc.help.txt
2018-10-23.12:52:04  C:\DIAdem\abbext\evaluations\spec_eva.asc.help.txt
2018-10-23.12:52:04  C:\DIAdem\abbext\evaludef_for_edit-v1.1.vbs
2018-10-23.12:52:04  C:\DIAdem\abbext\evaludef_for_edit-v1.2.vbs
2018-10-23.12:52:05  C:\DIAdem\abbext\evaludef_for_edit-v1.8.vbs
2018-10-23.12:52:05  C:\DIAdem\abbext\evaludef_for_edit-v1.9.vbs
2018-10-23.12:52:05  C:\DIAdem\abbext\evaludef_for_edit.vbs
2018-10-23.12:52:05  C:\DIAdem\abbext\formula_files\formula_1.txt
2018-10-23.12:52:05  C:\DIAdem\abbext\gvar_eva_abb.vas
2018-10-23.12:52:06  C:\DIAdem\abbext\importrbs\importrbs.new.vbs
2018-10-23.12:52:06  C:\DIAdem\abbext\importrbs\importrbs.vbs
2018-10-23.12:52:06  C:\DIAdem\abbext\importrbs\importrbs_3.3.vbs
2018-10-23.12:52:06  C:\DIAdem\abbext\importrbs\importrbs_v3.0.vbs
2018-10-23.12:52:06  C:\DIAdem\abbext\importrbs\importrbs_v3.1.vbs
2018-10-23.12:52:07  C:\DIAdem\abbext\importrbs\importrbs_v3.2.vbs
2018-10-23.12:52:07  C:\DIAdem\abbext\importrbs\offline.new.sud
2018-10-23.12:52:07  C:\DIAdem\abbext\importrbs\offline.sud
2018-10-23.12:52:07  C:\DIAdem\abbext\importrbs\offline_V3.1.sud
2018-10-23.12:52:07  C:\DIAdem\abbext\importrbs\offline_v3.0.sud
2018-10-23.12:52:07  C:\DIAdem\abbext\importrbs\offline_v3.2.sud
2018-10-23.12:52:08  C:\DIAdem\abbext\importrbs\testload.new.vbs
2018-10-23.12:52:08  C:\DIAdem\abbext\importrbs\testload.vbs
2018-10-23.12:52:08  C:\DIAdem\abbext\importrbs\testload_for_offline.sud.v2.3.vbs
2018-10-23.12:52:08  C:\DIAdem\abbext\importrbs\testload_for_offline.sud.v2.4.vbs
2018-10-23.12:52:08  C:\DIAdem\abbext\importrbs\testload_for_offline.sud.v2.5.vbs-unused
2018-10-23.12:52:08  C:\DIAdem\abbext\importrbs\testload_v3.0.vbs
2018-10-23.12:52:09  C:\DIAdem\abbext\importrbs\testload_v3.1.vbs
2018-10-23.12:52:09  C:\DIAdem\abbext\importrbs_for_evaludef.vbs
2018-10-23.12:52:09  C:\DIAdem\abbext\inout_parameters.asc
2018-10-23.12:52:09  C:\DIAdem\abbext\inout_parameters.xls
2018-10-23.12:52:09  C:\DIAdem\abbext\input_parameters.asc
2018-10-23.12:52:10  C:\DIAdem\abbext\laser_time_shift\Aufrufe.VBS
2018-10-23.12:52:10  C:\DIAdem\abbext\laser_time_shift\Zusatzkanaele_erstellen_fuer_testzwecke.VBS
2018-10-23.12:52:10  C:\DIAdem\abbext\laser_time_shift\time_shift_of_laser_measurement.SUD
2018-10-23.12:52:10  C:\DIAdem\abbext\laser_time_shift\time_shift_of_laser_measurement.VBS
2018-10-23.12:52:10  C:\DIAdem\abbext\load_test.VBS
2018-10-23.12:52:10  C:\DIAdem\abbext\medium.asc
2018-10-23.12:52:11  C:\DIAdem\abbext\oplist_dependent_type.asc
2018-10-23.12:52:11  C:\DIAdem\abbext\oplist_derivation_type.asc
2018-10-23.12:52:11  C:\DIAdem\abbext\oplist_docu_list.asc
2018-10-23.12:52:11  C:\DIAdem\abbext\oplist_extremum_type.asc
2018-10-23.12:52:11  C:\DIAdem\abbext\oplist_fourier_res_type.asc
2018-10-23.12:52:11  C:\DIAdem\abbext\oplist_integral_type.asc
2018-10-23.12:52:11  C:\DIAdem\abbext\oplist_math_operator_1ch.asc
2018-10-23.12:52:12  C:\DIAdem\abbext\oplist_math_operator_2ch.asc
2018-10-23.12:52:12  C:\DIAdem\abbext\oplist_operator_1var_math.asc
2018-10-23.12:52:12  C:\DIAdem\abbext\oplist_operator_2var_math.asc
2018-10-23.12:52:12  C:\DIAdem\abbext\oplist_regression_type.asc
2018-10-23.12:52:12  C:\DIAdem\abbext\oplist_schalter_type.asc
2018-10-23.12:52:12  C:\DIAdem\abbext\oplist_smooth_type.asc
2018-10-23.12:52:12  C:\DIAdem\abbext\oplist_tangent_type.asc
2018-10-23.12:52:13  C:\DIAdem\abbext\oplist_x_trv_res_type.asc
2018-10-23.12:52:13  C:\DIAdem\abbext\oplist_y_type.asc
2018-10-23.12:52:13  C:\DIAdem\abbext\plotcode.asc
2018-10-23.12:52:13  C:\DIAdem\abbext\print_eva.vbs
2018-10-23.12:52:13  C:\DIAdem\abbext\print_test.VBS
2018-10-23.12:52:13  C:\DIAdem\abbext\rv.asc
2018-10-23.12:52:14  C:\DIAdem\abbext\sel_list_antrieb.asc
2018-10-23.12:52:14  C:\DIAdem\abbext\sel_list_bemerk.asc
2018-10-23.12:52:14  C:\DIAdem\abbext\sel_list_cell.asc
2018-10-23.12:52:14  C:\DIAdem\abbext\sel_list_chamber.asc
2018-10-23.12:52:14  C:\DIAdem\abbext\sel_list_divider.asc
2018-10-23.12:52:14  C:\DIAdem\abbext\sel_list_engineer.asc
2018-10-23.12:52:14  C:\DIAdem\abbext\sel_list_kindofobj.asc
2018-10-23.12:52:15  C:\DIAdem\abbext\sel_list_manometer.asc
2018-10-23.12:52:15  C:\DIAdem\abbext\sel_list_medium.asc
2018-10-23.12:52:15  C:\DIAdem\abbext\sel_list_multimeter.asc
2018-10-23.12:52:15  C:\DIAdem\abbext\sel_list_rv.asc
2018-10-23.12:52:15  C:\DIAdem\abbext\sel_list_shift.asc
2018-10-23.12:52:15  C:\DIAdem\abbext\sel_list_shunt.asc
2018-10-23.12:52:15  C:\DIAdem\abbext\sel_list_steuerpl.asc
2018-10-23.12:52:16  C:\DIAdem\abbext\sel_list_travel.asc
2018-10-23.12:52:16  C:\DIAdem\abbext\sel_list_verstyp.asc
2018-10-23.12:52:16  C:\DIAdem\abbext\sel_list_wegbahn.asc
2018-10-23.12:52:16  C:\DIAdem\abbext\shunt.asc
2018-10-23.12:52:17  C:\DIAdem\abbext\spec_eva.asc
2018-10-23.12:52:17  C:\DIAdem\abbext\spec_print_eva.vbs
2018-10-23.12:52:17  C:\DIAdem\abbext\testcode.asc
2018-10-23.12:52:17  C:\DIAdem\abbext\testload_kema\load_test_kema.VBS
2018-10-23.12:52:18  C:\DIAdem\abbext\testload_ludvika\load_test_ludvika.VBS
2018-10-23.12:52:18  C:\DIAdem\abbext\testload_ludvika\ludvika_properties.STP
2018-10-23.12:52:18  C:\DIAdem\abbext\testload_ludvika\ludvika_shot_info.STP
2018-10-23.12:52:18  C:\DIAdem\abbext\timecode.asc
2018-10-23.12:52:19  C:\DIAdem\abbext\user_data\layouts\ABB.png
2018-10-23.12:52:19  C:\DIAdem\abbext\user_data\layouts\ABB2009.TDRM
2018-10-23.12:52:19  C:\DIAdem\abbext\user_data\layouts\ABBLogo.png
2018-10-23.12:52:19  C:\DIAdem\abbext\user_data\layouts\ABBReport2009.TDR
2018-10-23.12:52:20  C:\DIAdem\abbext\user_data\layouts\ABB_Report.TDR
2018-10-23.12:52:20  C:\DIAdem\abbext\user_data\layouts\ABB_Report_2009.TDR
2018-10-23.12:52:20  C:\DIAdem\abbext\user_data\layouts\Leistungslabor\View_ABB_ mechanical_O.TDV
2018-10-23.12:52:20  C:\DIAdem\abbext\user_data\layouts\Leistungslabor\View_ABB_ELECTRICAL_C.TDV
2018-10-23.12:52:21  C:\DIAdem\abbext\user_data\layouts\Leistungslabor\View_ABB_ELECTRICAL_CO.TDV
2018-10-23.12:52:21  C:\DIAdem\abbext\user_data\layouts\Leistungslabor\View_ABB_ELECTRICAL_CO_DIRECT 1 PHASE.TDV
2018-10-23.12:52:21  C:\DIAdem\abbext\user_data\layouts\Leistungslabor\View_ABB_ELECTRICAL_CO_DIRECT 3 PHASE.TDV
2018-10-23.12:52:21  C:\DIAdem\abbext\user_data\layouts\Leistungslabor\View_ABB_ELECTRICAL_O-CO.TDV
2018-10-23.12:52:22  C:\DIAdem\abbext\user_data\layouts\Leistungslabor\View_ABB_ELECTRICAL_O.TDV
2018-10-23.12:52:22  C:\DIAdem\abbext\user_data\layouts\Leistungslabor\View_ABB_ELECTRICAL_O_CURRENT INJECTION.TDV
2018-10-23.12:52:22  C:\DIAdem\abbext\user_data\layouts\Leistungslabor\View_ABB_ELECTRICAL_SHORT 0.1 SEC_DIRECT 1 PHASE.TDV
2018-10-23.12:52:23  C:\DIAdem\abbext\user_data\layouts\Leistungslabor\View_ABB_ELECTRICAL_SHORT 0.5 SEC_DIRECT 3 PHASE.TDV
2018-10-23.12:52:23  C:\DIAdem\abbext\user_data\layouts\Leistungslabor\View_ABB_ELECTRICAL_SHORT 1 SEC_DIRECT 1 PHASE.TDV
2018-10-23.12:52:23  C:\DIAdem\abbext\user_data\layouts\Leistungslabor\View_ABB_ELECTRICAL_SHORT 3 SEC.TDV
2018-10-23.12:52:23  C:\DIAdem\abbext\user_data\layouts\Leistungslabor\View_ABB_ELECTRICAL_SHORT 3 SEC_DIRECT 1 PHASE.TDV
2018-10-23.12:52:24  C:\DIAdem\abbext\user_data\layouts\Leistungslabor\View_ABB_ELECTRICAL_SHORT 3 SEC_DIRECT 3 PHASE.TDV
2018-10-23.12:52:24  C:\DIAdem\abbext\user_data\layouts\Leistungslabor\View_ABB_MECHANICAL TB_C.TDV
2018-10-23.12:52:24  C:\DIAdem\abbext\user_data\layouts\Leistungslabor\View_ABB_MECHANICAL TB_CO.TDV
2018-10-23.12:52:24  C:\DIAdem\abbext\user_data\layouts\Leistungslabor\View_ABB_MECHANICAL TB_CO_CURRENT INJECTION.TDV
2018-10-23.12:52:24  C:\DIAdem\abbext\user_data\layouts\Leistungslabor\View_ABB_MECHANICAL TB_C_CURRENT INJECTION.TDV
2018-10-23.12:52:25  C:\DIAdem\abbext\user_data\layouts\Leistungslabor\View_ABB_MECHANICAL TB_C_SPECIAL TESTS.TDV
2018-10-23.12:52:25  C:\DIAdem\abbext\user_data\layouts\Leistungslabor\View_ABB_MECHANICAL TB_O-CO.TDV
2018-10-23.12:52:25  C:\DIAdem\abbext\user_data\layouts\Leistungslabor\View_ABB_MECHANICAL TB_O-CO_CURRENT INJECTION.TDV
2018-10-23.12:52:25  C:\DIAdem\abbext\user_data\layouts\Leistungslabor\View_ABB_MECHANICAL TB_O.TDV
2018-10-23.12:52:25  C:\DIAdem\abbext\user_data\layouts\Leistungslabor\View_ABB_MECHANICAL TB_O_CURRENT INJECTION.TDV
2018-10-23.12:52:26  C:\DIAdem\abbext\user_data\layouts\Leistungslabor\View_ABB_MECHANICAL TB_O_SPECIAL TESTS.TDV
2018-10-23.12:52:26  C:\DIAdem\abbext\user_data\layouts\Leistungslabor\View_ABB_MECHANICAL TB_SHORT 1 SEC_SPECIAL TESTS.TDV
2018-10-23.12:52:26  C:\DIAdem\abbext\user_data\layouts\Leistungslabor\View_ABB_PROSP CURRENT INJECTION_O_CURRENT INJECTION.TDV
2018-10-23.12:52:27  C:\DIAdem\abbext\user_data\layouts\Leistungslabor\View_ABB_PULSE GENERATOR_O_PULSE GENERATOR.TDV
2018-10-23.12:52:27  C:\DIAdem\abbext\user_data\layouts\Leistungslabor\View_ABB_default.TDV
2018-10-23.12:52:27  C:\DIAdem\abbext\user_data\layouts\Leistungslabor\View_ABB_electrical_3sO.TDV
2018-10-23.12:52:27  C:\DIAdem\abbext\user_data\layouts\Leistungslabor\View_ABB_electrical_CO_direct1Phase.TDV
2018-10-23.12:52:28  C:\DIAdem\abbext\user_data\layouts\Leistungslabor\View_ABB_mechanical_C.TDV
2018-10-23.12:52:28  C:\DIAdem\abbext\user_data\layouts\Leistungslabor\View_ABB_mechanical_CO.TDV
2018-10-23.12:52:28  C:\DIAdem\abbext\user_data\layouts\Leistungslabor\View_ABB_mechanical_CO_direct1Phase.TDV
2018-10-23.12:52:28  C:\DIAdem\abbext\user_data\layouts\Leistungslabor\View_ABB_mechanical_O-CO.TDV
2018-10-23.12:52:29  C:\DIAdem\abbext\user_data\layouts\Leistungslabor\View_ABB_mechanical_O.TDV
2018-10-23.12:52:29  C:\DIAdem\abbext\user_data\layouts\Leistungslabor\View_KEMA_ mechanical_IS_O.TDV
2018-10-23.12:52:29  C:\DIAdem\abbext\user_data\layouts\Leistungslabor\View_KEMA_ mechanical_O.TDV
2018-10-23.12:52:29  C:\DIAdem\abbext\user_data\layouts\Leistungslabor\View_KEMA_electrical_O.TDV
2018-10-23.12:52:30  C:\DIAdem\abbext\user_data\layouts\Leistungslabor\View_PEHLA_ mechanical_O-CO.TDV
2018-10-23.12:52:30  C:\DIAdem\abbext\user_data\layouts\Leistungslabor\View_PEHLA_ELECTRICAL_C.TDV
2018-10-23.12:52:30  C:\DIAdem\abbext\user_data\layouts\Leistungslabor\View_PEHLA_ELECTRICAL_CO.TDV
2018-10-23.12:52:31  C:\DIAdem\abbext\user_data\layouts\Leistungslabor\View_PEHLA_ELECTRICAL_CO_DIRECT 1 PHASE.TDV
2018-10-23.12:52:31  C:\DIAdem\abbext\user_data\layouts\Leistungslabor\View_PEHLA_ELECTRICAL_O-CO.TDV
2018-10-23.12:52:31  C:\DIAdem\abbext\user_data\layouts\Leistungslabor\View_PEHLA_ELECTRICAL_O.TDV
2018-10-23.12:52:32  C:\DIAdem\abbext\user_data\layouts\Leistungslabor\View_PEHLA_ELECTRICAL_O_CURRENT INJECTION.TDV
2018-10-23.12:52:32  C:\DIAdem\abbext\user_data\layouts\Leistungslabor\View_PEHLA_ELECTRICAL_SHORT 3 SEC.TDV
2018-10-23.12:52:32  C:\DIAdem\abbext\user_data\layouts\Leistungslabor\View_PEHLA_MECHANICAL TB_C.TDV
2018-10-23.12:52:32  C:\DIAdem\abbext\user_data\layouts\Leistungslabor\View_PEHLA_MECHANICAL TB_CO.TDV
2018-10-23.12:52:33  C:\DIAdem\abbext\user_data\layouts\Leistungslabor\View_PEHLA_MECHANICAL TB_CO_DIRECT 1 PHASE.TDV
2018-10-23.12:52:33  C:\DIAdem\abbext\user_data\layouts\Leistungslabor\View_PEHLA_MECHANICAL TB_O-CO.TDV
2018-10-23.12:52:33  C:\DIAdem\abbext\user_data\layouts\Leistungslabor\View_PEHLA_MECHANICAL TB_O-CO_CURRENT INJECTION.TDV
2018-10-23.12:52:33  C:\DIAdem\abbext\user_data\layouts\Leistungslabor\View_PEHLA_MECHANICAL TB_O-CO_SHORT LINE FAULT.TDV
2018-10-23.12:52:33  C:\DIAdem\abbext\user_data\layouts\Leistungslabor\View_PEHLA_MECHANICAL TB_O.TDV
2018-10-23.12:52:34  C:\DIAdem\abbext\user_data\layouts\Leistungslabor\View_PEHLA_MECHANICAL TB_O_CURRENT INJECTION.TDV
2018-10-23.12:52:34  C:\DIAdem\abbext\user_data\layouts\Leistungslabor\View_PEHLA_default .TDV
2018-10-23.12:52:34  C:\DIAdem\abbext\user_data\layouts\Leistungslabor\View_PEHLA_default_C.TDV
2018-10-23.12:52:34  C:\DIAdem\abbext\user_data\layouts\Leistungslabor\View_PEHLA_electrical_3sO.TDV
2018-10-23.12:52:35  C:\DIAdem\abbext\user_data\layouts\Leistungslabor\View_PEHLA_mechanical_C.TDV
2018-10-23.12:52:35  C:\DIAdem\abbext\user_data\layouts\Leistungslabor\View_PEHLA_mechanical_CO.TDV
2018-10-23.12:52:35  C:\DIAdem\abbext\user_data\layouts\Leistungslabor\View_PEHLA_mechanical_O-CO.TDV
2018-10-23.12:52:36  C:\DIAdem\abbext\user_data\layouts\Leistungslabor\View_PEHLA_mechanical_O.TDV
2018-10-23.12:52:36  C:\DIAdem\abbext\verstyp.asc
2018-10-23.12:52:36  C:\DIAdem\abbext\view_for_evaluation.TDV
2018-10-23.12:52:36  C:\DIAdem\abbext\wegbahn.asc
2018-10-23.12:52:36  C:\DIAdem\abbext\y_type.asc
2018-10-31.15:26:43  C:\DIAdem\abbext\Temp_Update\Temp_Update.SUD
