2018-10-23.12:52:39  C:\DIAdem\plugins\CSV_ENC\CSV_ENC.uri
2018-10-23.12:52:40  C:\DIAdem\plugins\Schweden_Ludvika\Nicolet_Team.uri
2018-10-23.12:52:40  C:\DIAdem\plugins\Schweden_Ludvika\Nicolet_Team.uri_v0
2018-10-23.12:52:41  C:\DIAdem\plugins\abb\abb_selecting_parameters.sud
2018-10-23.12:52:41  C:\DIAdem\plugins\abb\rba.vbs
2018-10-23.12:52:41  C:\DIAdem\plugins\abb\rbd.vbs
2018-10-23.12:52:42  C:\DIAdem\plugins\abb\rbd_size_error.vbs
2018-10-23.12:52:42  C:\DIAdem\plugins\abb\rbd_switching.vbs
2018-10-23.12:52:42  C:\DIAdem\plugins\abb\rbd_test.vbs
2018-10-23.12:52:42  C:\DIAdem\plugins\abb\readme.txt
2018-10-23.12:52:42  C:\DIAdem\plugins\abb\temp_inf.txt
2018-10-23.12:52:43  C:\DIAdem\plugins\comtrade\COMTRADE DataPlugin - National Instruments.url
2018-10-23.12:52:43  C:\DIAdem\plugins\comtrade\COMTRADE.uri
2018-10-23.12:52:43  C:\DIAdem\plugins\kema\KEMA.uri
2018-10-23.12:52:44  C:\DIAdem\plugins\kema\KEMA_V0.uri
2018-10-23.12:52:44  C:\DIAdem\plugins\kema\MIDAS_ASC_DataPlugin.vbs
2018-10-23.12:52:44  C:\DIAdem\plugins\kema\ReadME.txt
2018-10-23.12:52:44  C:\DIAdem\plugins\saturn\AMO_SDF_V3f.uri
2018-10-23.12:52:44  C:\DIAdem\plugins\saturn\AMO_SDF_V3f_ABB.vbs
2018-10-23.12:52:45  C:\DIAdem\plugins\saturn\AMO_SDF_V3f_DataPlugin_Sourcen.zip
2018-10-23.12:52:45  C:\DIAdem\plugins\saturn\AMO_SDF_V3f_DataPlugin_Sourcen\AMO_SDF_V3f_ABB.vbs
2018-10-23.12:52:45  C:\DIAdem\plugins\saturn\AMO_SDF_V3f_DataPlugin_Sourcen\saturn.ico
2018-10-23.12:52:45  C:\DIAdem\plugins\saturn\saturn.ico
2018-10-23.12:52:45  C:\DIAdem\plugins\saturn\sdf.uri
2018-10-23.12:52:46  C:\DIAdem\plugins\saturn\sdf.vbs
